
---- Votes and Modules ----
default: |NEUTRAL|
onedamage: |default|MASK|
one: |default|MASK|
SHOW -shown(2)
NEUTRAL -shown(0)
oneid: |default|MASK|
MASK -hidden(1)
--------   Rules   --------
hide: |MASK|MASK|default|MASK|MASK|default|default|default|default|
keep-one: |one|one|default|one|one|default|default|default|default|
keep-oned: |onedamage|onedamage|default|onedamage|onedamage|default|default|default|default|
keep: |default|default|MASK|default|default|MASK|MASK|MASK|MASK|
keep-onei: |oneid|oneid|default|oneid|oneid|default|default|default|default|
show: |SHOW|SHOW|default|SHOW|SHOW|default|default|default|default|
----------------------------------------------------
5893 items registered
61 filters loaded
1045 items matched in 216 ms
----------------------------------------------------

- appliedenergistics2 :
	+ item.ItemCrystalSeed:                     	keep-one:[0, 600, 1200]
	+ item.ItemEncodedPattern:                  	hide:[]
	+ item.ItemFacade:                          	keep-one:[]
	+ item.ItemMultiPart:                       	hide:[0, 1, 2, 3, 4, 5, 6, 7, 8, 9, 10, 11, 12, 13, 14, 15, 20, 21, 22, 23, 24, 25, 26, 27, 28, 29, 30, 31, 32, 33, 34, 35, 40, 41, 42, 43, 44, 45, 46, 47, 48, 49, 50, 51, 52, 53, 54, 55, 60, 61, 62, 63, 64, 65, 66, 67, 68, 69, 70, 71, 72, 73, 74, 75]
	+ item.ItemPaintBall:                       	keep:[0]
	+ item.ToolChargedStaff:                    	keep:[0]/[, {}]
	+ item.ToolColorApplicator:                 	keep:[0]/[, {}]
	+ item.ToolEntropyManipulator:              	keep:[0]/[, {}]
	+ item.ToolMassCannon:                      	keep:[0]/[, {}]
	+ item.ToolPortableCell:                    	keep:[0]/[, {}]
	+ item.ToolWirelessTerminal:                	keep:[0]/[, {}]
	+ tile.BlockCableBus:                       	hide:[]
	+ tile.BlockMatrixFrame:                    	hide:[]
	+ tile.BlockPaint:                          	hide:[]
- Botania :
	+ altar:                                    	keep:[0]
	+ ancientWill:                              	hide:[]
	+ biomeStoneA:                              	keep:[0]
	+ biomeStoneA0Slab:                         	keep:[0]
	+ biomeStoneA0SlabFull:                     	keep:[0]	hide:[]
	+ biomeStoneA0Stairs:                       	keep:[0]
	+ biomeStoneA0Wall:                         	keep:[0]
	+ biomeStoneA10Slab:                        	keep:[0]
	+ biomeStoneA10SlabFull:                    	keep:[0]	hide:[]
	+ biomeStoneA10Stairs:                      	keep:[0]
	+ biomeStoneA11Slab:                        	keep:[0]
	+ biomeStoneA11SlabFull:                    	keep:[0]	hide:[]
	+ biomeStoneA11Stairs:                      	keep:[0]
	+ biomeStoneA12Slab:                        	keep:[0]
	+ biomeStoneA12SlabFull:                    	keep:[0]	hide:[]
	+ biomeStoneA12Stairs:                      	keep:[0]
	+ biomeStoneA13Slab:                        	keep:[0]
	+ biomeStoneA13SlabFull:                    	keep:[0]	hide:[]
	+ biomeStoneA13Stairs:                      	keep:[0]
	+ biomeStoneA14Slab:                        	keep:[0]
	+ biomeStoneA14SlabFull:                    	keep:[0]	hide:[]
	+ biomeStoneA14Stairs:                      	keep:[0]
	+ biomeStoneA15Slab:                        	keep:[0]
	+ biomeStoneA15SlabFull:                    	keep:[0]	hide:[]
	+ biomeStoneA15Stairs:                      	keep:[0]
	+ biomeStoneA1Slab:                         	keep:[0]
	+ biomeStoneA1SlabFull:                     	keep:[0]	hide:[]
	+ biomeStoneA1Stairs:                       	keep:[0]
	+ biomeStoneA2Slab:                         	keep:[0]
	+ biomeStoneA2SlabFull:                     	keep:[0]	hide:[]
	+ biomeStoneA2Stairs:                       	keep:[0]
	+ biomeStoneA3Slab:                         	keep:[0]
	+ biomeStoneA3SlabFull:                     	keep:[0]	hide:[]
	+ biomeStoneA3Stairs:                       	keep:[0]
	+ biomeStoneA4Slab:                         	keep:[0]
	+ biomeStoneA4SlabFull:                     	keep:[0]	hide:[]
	+ biomeStoneA4Stairs:                       	keep:[0]
	+ biomeStoneA5Slab:                         	keep:[0]
	+ biomeStoneA5SlabFull:                     	keep:[0]	hide:[]
	+ biomeStoneA5Stairs:                       	keep:[0]
	+ biomeStoneA6Slab:                         	keep:[0]
	+ biomeStoneA6SlabFull:                     	keep:[0]	hide:[]
	+ biomeStoneA6Stairs:                       	keep:[0]
	+ biomeStoneA7Slab:                         	keep:[0]
	+ biomeStoneA7SlabFull:                     	keep:[0]	hide:[]
	+ biomeStoneA7Stairs:                       	keep:[0]
	+ biomeStoneA8Slab:                         	keep:[0]
	+ biomeStoneA8SlabFull:                     	keep:[0]	hide:[]
	+ biomeStoneA8Stairs:                       	keep:[0]
	+ biomeStoneA9Slab:                         	keep:[0]
	+ biomeStoneA9SlabFull:                     	keep:[0]	hide:[]
	+ biomeStoneA9Stairs:                       	keep:[0]
	+ biomeStoneB:                              	keep:[0]
	+ biomeStoneB0Slab:                         	keep:[0]
	+ biomeStoneB0SlabFull:                     	keep:[0]	hide:[]
	+ biomeStoneB0Stairs:                       	keep:[0]
	+ biomeStoneB1Slab:                         	keep:[0]
	+ biomeStoneB1SlabFull:                     	keep:[0]	hide:[]
	+ biomeStoneB1Stairs:                       	keep:[0]
	+ biomeStoneB2Slab:                         	keep:[0]
	+ biomeStoneB2SlabFull:                     	keep:[0]	hide:[]
	+ biomeStoneB2Stairs:                       	keep:[0]
	+ biomeStoneB3Slab:                         	keep:[0]
	+ biomeStoneB3SlabFull:                     	keep:[0]	hide:[]
	+ biomeStoneB3Stairs:                       	keep:[0]
	+ biomeStoneB4Slab:                         	keep:[0]
	+ biomeStoneB4SlabFull:                     	keep:[0]	hide:[]
	+ biomeStoneB4Stairs:                       	keep:[0]
	+ biomeStoneB5Slab:                         	keep:[0]
	+ biomeStoneB5SlabFull:                     	keep:[0]	hide:[]
	+ biomeStoneB5Stairs:                       	keep:[0]
	+ biomeStoneB6Slab:                         	keep:[0]
	+ biomeStoneB6SlabFull:                     	keep:[0]	hide:[]
	+ biomeStoneB6Stairs:                       	keep:[0]
	+ biomeStoneB7Slab:                         	keep:[0]
	+ biomeStoneB7SlabFull:                     	keep:[0]	hide:[]
	+ biomeStoneB7Stairs:                       	keep:[0]
	+ bloodPendant:                             	keep:[0]/[, {}]
	+ brewFlask:                                	hide:[]
	+ brewVial:                                 	hide:[]
	+ buriedPetals:                             	hide:[]
	+ craftPattern:                             	hide:[]
	+ customBrick:                              	keep:[0, 1, 2, 3, 4]
	+ customBrick0SlabFull:                     	hide:[]
	+ customBrick1SlabFull:                     	hide:[]
	+ customBrick2SlabFull:                     	hide:[]
	+ customBrick3SlabFull:                     	hide:[]
	+ dirtPath0SlabFull:                        	hide:[]
	+ doubleFlower1:                            	hide:[]
	+ doubleFlower2:                            	hide:[]
	+ dreamwood0SlabFull:                       	hide:[]
	+ dreamwood1SlabFull:                       	hide:[]
	+ dye:                                      	keep:[0]
	+ endStoneBrick0SlabFull:                   	hide:[]
	+ endStoneBrick2SlabFull:                   	hide:[]
	+ fakeAir:                                  	hide:[]
	+ flightTiara:                              	keep:[0]
	+ floatingSpecialFlower:                    	keep-one:[0]
	+ gaiaHeadBlock:                            	hide:[]
	+ grassSeeds:                               	keep:[0]
	+ incenseStick:                             	keep:[0]/[, {}]
	+ laputaShard:                              	keep:[0]
	+ lens:                                     	keep:[0]
	+ livingrock0SlabFull:                      	hide:[]
	+ livingrock1SlabFull:                      	hide:[]
	+ livingwood0SlabFull:                      	hide:[]
	+ livingwood1SlabFull:                      	hide:[]
	+ manaBeacon:                               	keep:[0]
	+ manaFlame:                                	hide:[]
	+ miniIsland:                               	keep:[0]
	+ mushroom:                                 	hide:[]
	+ pavement:                                 	keep:[0]
	+ pavement0SlabFull:                        	hide:[]
	+ pavement1SlabFull:                        	hide:[]
	+ pavement2SlabFull:                        	hide:[]
	+ pavement3SlabFull:                        	hide:[]
	+ pavement4SlabFull:                        	hide:[]
	+ pavement5SlabFull:                        	hide:[]
	+ petal:                                    	keep:[0]
	+ petalBlock:                               	keep:[0]
	+ prismarine0SlabFull:                      	hide:[]
	+ prismarine1SlabFull:                      	hide:[]
	+ prismarine2SlabFull:                      	hide:[]
	+ quartz:                                   	keep:[0]
	+ quartzTypeBlaze:                          	hide:[]
	+ quartzTypeDark:                           	hide:[]
	+ quartzTypeElf:                            	hide:[]
	+ quartzTypeLavender:                       	hide:[]
	+ quartzTypeMana:                           	hide:[]
	+ quartzTypeRed:                            	hide:[]
	+ quartzTypeSunny:                          	hide:[]
	+ reedBlock0SlabFull:                       	hide:[]
	+ rune:                                     	keep:[0]
	+ shimmerrock0SlabFull:                     	hide:[]
	+ shimmerwoodPlanks0SlabFull:               	hide:[]
	+ shinyFlower:                              	keep:[0]
	+ signalFlare:                              	keep-one:[0]
	+ specialFlower:                            	keep-one:[0]
	+ stone0SlabFull:                           	hide:[]
	+ stone10SlabFull:                          	hide:[]
	+ stone11SlabFull:                          	hide:[]
	+ stone1SlabFull:                           	hide:[]
	+ stone2SlabFull:                           	hide:[]
	+ stone3SlabFull:                           	hide:[]
	+ stone8SlabFull:                           	hide:[]
	+ stone9SlabFull:                           	hide:[]
	+ terraPick:                                	keep-one:[0]
	+ thatch0SlabFull:                          	hide:[]
	+ twigWand:                                 	keep-one:[0]
	+ unstableBlock:                            	keep:[0]
- chisel :
	+ acacia_planks:                            	keep:[0]
	+ alabaster:                                	keep:[0]
	+ albumblock:                               	keep:[0]
	+ albumblock2:                              	keep:[0]
	+ aluminum_stairs.0:                        	keep:[0]	hide:[]
	+ aluminum_stairs.1:                        	keep:[0]	hide:[]
	+ aluminum_stairs.2:                        	keep:[0]	hide:[]
	+ aluminumblock:                            	keep:[0]
	+ amber:                                    	keep:[0]
	+ andesite:                                 	keep:[0]
	+ antiBlock:                                	keep:[0]
	+ arcane:                                   	keep:[0]
	+ autoChisel:                               	keep:[0]
	+ ballomoss:                                	keep:[0]
	+ beacon:                                   	keep:[0]
	+ birch_planks:                             	keep:[0]
	+ bookshelf:                                	keep:[0]
	+ brickCustom:                              	keep:[0]
	+ brickCustom2:                             	keep:[0]
	+ bronzeblock:                              	keep:[0]
	+ brutalism:                                	keep:[0]
	+ carpet:                                   	keep:[0]
	+ carpet_block:                             	keep:[0]
	+ cherry_planks:                            	keep:[0]
	+ chisel:                                   	keep:[0]
	+ cloud:                                    	keep:[0]
	+ cloudinabottle:                           	keep:[0]
	+ cobaltblock:                              	keep:[0]
	+ cobblestone:                              	keep:[0]
	+ concrete:                                 	keep:[0]
	+ concrete_slab:                            	keep:[0]
	+ concrete_slab_top:                        	keep:[0]
	+ concrete_stairs.0:                        	keep:[0]	hide:[]
	+ concrete_stairs.1:                        	keep:[0]	hide:[]
	+ concrete_stairs.2:                        	keep:[0]	hide:[]
	+ concrete_stairs.3:                        	keep:[0]	hide:[]
	+ concrete_stairs.4:                        	keep:[0]	hide:[]
	+ concrete_stairs.5:                        	keep:[0]	hide:[]
	+ copperblock:                              	keep:[0]
	+ coral:                                    	keep:[0]
	+ cubit:                                    	keep:[0]
	+ dark_oak_planks:                          	keep:[0]
	+ dark_planks:                              	keep:[0]
	+ diamond_block:                            	keep:[0]
	+ diamondChisel:                            	keep:[0]
	+ diorite:                                  	keep:[0]
	+ dirt:                                     	keep:[0]
	+ electrumblock:                            	keep:[0]
	+ emerald_block:                            	keep:[0]
	+ end_Stone:                                	keep:[0]
	+ ethereal_planks:                          	keep:[0]
	+ factoryblock:                             	keep:[0]
	+ factoryblock2:                            	keep:[0]
	+ fantasyblock:                             	keep:[0]
	+ fantasyblock2:                            	keep:[0]
	+ fir_planks:                               	keep:[0]
	+ froglight:                                	keep:[0]
	+ futura:                                   	keep:[0]
	+ futuraCircuit:                            	keep:[0]
	+ glass:                                    	keep:[0]
	+ glass2:                                   	keep:[0]
	+ glass_pane:                               	keep:[0]	hide:[]
	+ glotek:                                   	keep:[0]
	+ glowstone:                                	keep:[0]
	+ gold2:                                    	keep:[0]
	+ gold_block:                               	keep:[0]
	+ granite:                                  	keep:[0]
	+ greatwood_planks:                         	keep:[0]
	+ grimstone:                                	keep:[0]
	+ hardened_clay:                            	keep:[0]
	+ hardened_clay2:                           	keep:[0]
	+ hardened_clay_black:                      	keep:[0]
	+ hardened_clay_black2:                     	keep:[0]
	+ hardened_clay_blue:                       	keep:[0]
	+ hardened_clay_blue2:                      	keep:[0]
	+ hardened_clay_brown:                      	keep:[0]
	+ hardened_clay_brown2:                     	keep:[0]
	+ hardened_clay_cyan:                       	keep:[0]
	+ hardened_clay_cyan2:                      	keep:[0]
	+ hardened_clay_gray:                       	keep:[0]
	+ hardened_clay_gray2:                      	keep:[0]
	+ hardened_clay_green:                      	keep:[0]
	+ hardened_clay_green2:                     	keep:[0]
	+ hardened_clay_lightblue:                  	keep:[0]
	+ hardened_clay_lightblue2:                 	keep:[0]
	+ hardened_clay_lightgray:                  	keep:[0]
	+ hardened_clay_lightgray2:                 	keep:[0]
	+ hardened_clay_lime:                       	keep:[0]
	+ hardened_clay_lime2:                      	keep:[0]
	+ hardened_clay_magenta:                    	keep:[0]
	+ hardened_clay_magenta2:                   	keep:[0]
	+ hardened_clay_orange:                     	keep:[0]
	+ hardened_clay_orange2:                    	keep:[0]
	+ hardened_clay_pink:                       	keep:[0]
	+ hardened_clay_pink2:                      	keep:[0]
	+ hardened_clay_purple:                     	keep:[0]
	+ hardened_clay_purple2:                    	keep:[0]
	+ hardened_clay_red:                        	keep:[0]
	+ hardened_clay_red2:                       	keep:[0]
	+ hardened_clay_white:                      	keep:[0]
	+ hardened_clay_white2:                     	keep:[0]
	+ hardened_clay_yellow:                     	keep:[0]
	+ hardened_clay_yellow2:                    	keep:[0]
	+ hellbark_planks:                          	keep:[0]
	+ hempcrete:                                	keep:[0]
	+ hempcretesand:                            	keep:[0]
	+ hexLargePlating:                          	keep:[0]
	+ hexPlating:                               	keep:[0]
	+ holystone:                                	keep:[0]
	+ ice:                                      	keep:[0]
	+ ice_pillar:                               	keep:[0]
	+ ice_stairs.0:                             	keep:[0]	hide:[]
	+ ice_stairs.1:                             	keep:[0]	hide:[]
	+ ice_stairs.2:                             	keep:[0]	hide:[]
	+ ice_stairs.3:                             	keep:[0]	hide:[]
	+ ice_stairs.4:                             	keep:[0]	hide:[]
	+ ice_stairs.5:                             	keep:[0]	hide:[]
	+ ice_stairs.6:                             	keep:[0]	hide:[]
	+ ice_stairs.7:                             	keep:[0]	hide:[]
	+ invarblock:                               	keep:[0]
	+ iridiumblock:                             	keep:[0]
	+ iron2:                                    	keep:[0]
	+ iron_bars:                                	keep:[0]
	+ iron_block:                               	keep:[0]
	+ jacaranda_planks:                         	keep:[0]
	+ jackolantern1:                            	keep:[0]	hide:[]	show:[0]
	+ jackolantern10:                           	keep:[0]	hide:[]
	+ jackolantern11:                           	keep:[0]	hide:[]
	+ jackolantern12:                           	keep:[0]	hide:[]
	+ jackolantern13:                           	keep:[0]	hide:[]
	+ jackolantern14:                           	keep:[0]	hide:[]
	+ jackolantern15:                           	keep:[0]	hide:[]
	+ jackolantern16:                           	keep:[0]	hide:[]
	+ jackolantern2:                            	keep:[0]	hide:[]
	+ jackolantern3:                            	keep:[0]	hide:[]
	+ jackolantern4:                            	keep:[0]	hide:[]
	+ jackolantern5:                            	keep:[0]	hide:[]
	+ jackolantern6:                            	keep:[0]	hide:[]
	+ jackolantern7:                            	keep:[0]	hide:[]
	+ jackolantern8:                            	keep:[0]	hide:[]
	+ jackolantern9:                            	keep:[0]	hide:[]
	+ jungle_planks:                            	keep:[0]
	+ laboratoryblock:                          	keep:[0]
	+ lantern:                                  	keep:[0]
	+ lapis_block:                              	keep:[0]
	+ lavastone:                                	keep:[0]
	+ leadblock:                                	keep:[0]
	+ leaves:                                   	keep:[0]
	+ limestone:                                	keep:[0]
	+ limestone_slab:                           	keep:[0]
	+ limestone_slab_top:                       	keep:[0]
	+ limestone_stairs.0:                       	keep:[0]	hide:[]
	+ limestone_stairs.1:                       	keep:[0]	hide:[]
	+ limestone_stairs.2:                       	keep:[0]	hide:[]
	+ limestone_stairs.3:                       	keep:[0]	hide:[]
	+ limestone_stairs.4:                       	keep:[0]	hide:[]
	+ limestone_stairs.5:                       	keep:[0]	hide:[]
	+ limestone_stairs.6:                       	keep:[0]	hide:[]
	+ limestone_stairs.7:                       	keep:[0]	hide:[]
	+ magic_planks:                             	keep:[0]
	+ mahogany_planks:                          	keep:[0]
	+ mangrove_planks:                          	keep:[0]
	+ marble:                                   	keep:[0]
	+ marble_pillar:                            	keep:[0]
	+ marble_pillar_slab:                       	keep:[0]
	+ marble_pillar_slab_top:                   	keep:[0]
	+ marble_slab:                              	keep:[0]
	+ marble_slab_top:                          	keep:[0]
	+ marble_stairs.0:                          	keep:[0]	hide:[]
	+ marble_stairs.1:                          	keep:[0]	hide:[]
	+ marble_stairs.2:                          	keep:[0]	hide:[]
	+ marble_stairs.3:                          	keep:[0]	hide:[]
	+ marble_stairs.4:                          	keep:[0]	hide:[]
	+ marble_stairs.5:                          	keep:[0]	hide:[]
	+ marble_stairs.6:                          	keep:[0]	hide:[]
	+ marble_stairs.7:                          	keep:[0]	hide:[]
	+ moss:                                     	keep:[0]
	+ moss_carpet:                              	keep:[0]
	+ mossy_cobblestone:                        	keep:[0]
	+ mossy_templeblock:                        	keep:[0]
	+ mud:                                      	keep:[0]
	+ nation:                                   	keep:[0]
	+ neonite:                                  	keep:[0]
	+ nether_brick:                             	keep:[0]
	+ netherrack:                               	keep:[0]
	+ netherStarChisel:                         	keep:[0]
	+ nickelblock:                              	keep:[0]
	+ nucrete:                                  	keep:[0]
	+ oak_planks:                               	keep:[0]
	+ obsidian:                                 	keep:[0]
	+ obsidian_snakestone:                      	keep:[0]
	+ obsidianChisel:                           	keep:[0]
	+ osmiumblock:                              	keep:[0]
	+ packedice:                                	keep:[0]
	+ packedice_pillar:                         	keep:[0]
	+ packedice_stairs.0:                       	keep:[0]	hide:[]
	+ packedice_stairs.1:                       	keep:[0]	hide:[]
	+ packedice_stairs.2:                       	keep:[0]	hide:[]
	+ packedice_stairs.3:                       	keep:[0]	hide:[]
	+ packedice_stairs.4:                       	keep:[0]	hide:[]
	+ packedice_stairs.5:                       	keep:[0]	hide:[]
	+ packedice_stairs.6:                       	keep:[0]	hide:[]
	+ packedice_stairs.7:                       	keep:[0]	hide:[]
	+ palm_planks:                              	keep:[0]
	+ paperwall:                                	keep:[0]
	+ paperwall_block:                          	keep:[0]
	+ pine_planks:                              	keep:[0]
	+ platinumblock:                            	keep:[0]
	+ porcelain:                                	keep:[0]
	+ present:                                  	keep:[0]
	+ pumpkin1:                                 	keep:[0]	hide:[]	show:[0]
	+ pumpkin10:                                	keep:[0]	hide:[]
	+ pumpkin11:                                	keep:[0]	hide:[]
	+ pumpkin12:                                	keep:[0]	hide:[]
	+ pumpkin13:                                	keep:[0]	hide:[]
	+ pumpkin14:                                	keep:[0]	hide:[]
	+ pumpkin15:                                	keep:[0]	hide:[]
	+ pumpkin16:                                	keep:[0]	hide:[]
	+ pumpkin2:                                 	keep:[0]	hide:[]
	+ pumpkin3:                                 	keep:[0]	hide:[]
	+ pumpkin4:                                 	keep:[0]	hide:[]
	+ pumpkin5:                                 	keep:[0]	hide:[]
	+ pumpkin6:                                 	keep:[0]	hide:[]
	+ pumpkin7:                                 	keep:[0]	hide:[]
	+ pumpkin8:                                 	keep:[0]	hide:[]
	+ pumpkin9:                                 	keep:[0]	hide:[]
	+ purpur:                                   	keep:[0]
	+ rebel:                                    	keep:[0]
	+ redstone_block:                           	keep:[0]
	+ redwood_planks:                           	keep:[0]
	+ road:                                     	keep:[0]
	+ road2:                                    	keep:[0]
	+ road_line:                                	keep:[0]
	+ rppblock:                                 	keep:[0]
	+ sacredoak_planks:                         	keep:[0]
	+ sand_snakestone:                          	keep:[0]
	+ sandstone:                                	keep:[0]
	+ sandstone2:                               	keep:[0]
	+ sandstone_scribbles:                      	keep:[0]
	+ sheetmetal:                               	keep:[0]
	+ silverblock:                              	keep:[0]
	+ silverwood_planks:                        	keep:[0]
	+ smashingrock:                             	keep:[0]
	+ spruce_planks:                            	keep:[0]
	+ stained_glass_brown:                      	keep:[0]
	+ stained_glass_forestry:                   	keep:[0]
	+ stained_glass_lightgray:                  	keep:[0]
	+ stained_glass_pane_brown:                 	keep:[0]	hide:[]
	+ stained_glass_pane_lightgray:             	keep:[0]	hide:[]
	+ stained_glass_pane_magenta:               	keep:[0]	hide:[]
	+ stained_glass_pane_pink:                  	keep:[0]	hide:[]
	+ stained_glass_pane_purple:                	keep:[0]	hide:[]
	+ stained_glass_pane_red:                   	keep:[0]	hide:[]
	+ stained_glass_pane_white:                 	keep:[0]	hide:[]
	+ stained_glass_pane_yellow:                	keep:[0]	hide:[]
	+ stained_glass_white:                      	keep:[0]
	+ stained_glass_yellow:                     	keep:[0]
	+ stainlesssteelblock:                      	keep:[0]
	+ steelblock:                               	keep:[0]
	+ stone_snakestone:                         	keep:[0]
	+ stonebricksmooth:                         	keep:[0]
	+ sveltstone:                               	keep:[0]
	+ tallow:                                   	keep:[0]
	+ technical:                                	keep:[0]
	+ technical2:                               	keep:[0]
	+ technical3:                               	keep:[0]
	+ technical4:                               	keep:[0]
	+ templeblock:                              	keep:[0]
	+ thaumium:                                 	keep:[0]
	+ tinblock:                                 	keep:[0]
	+ titaniumblock:                            	keep:[0]
	+ torch1:                                   	keep:[0]
	+ torch10:                                  	keep:[0]
	+ torch2:                                   	keep:[0]
	+ torch3:                                   	keep:[0]
	+ torch4:                                   	keep:[0]
	+ torch5:                                   	keep:[0]
	+ torch6:                                   	keep:[0]
	+ torch7:                                   	keep:[0]
	+ torch8:                                   	keep:[0]
	+ torch9:                                   	keep:[0]
	+ tungstensteelblock:                       	keep:[0]
	+ tyrian:                                   	keep:[0]
	+ upgrade:                                  	keep:[0]
	+ uraniumblock:                             	keep:[0]
	+ valentines:                               	keep:[0]
	+ voidstone:                                	keep:[0]
	+ voidstone2:                               	keep:[0]
	+ voidstonePillar:                          	keep:[0]
	+ voidstonePillar2:                         	keep:[0]
	+ voidstoneRunic:                           	keep:[0]
	+ warningSign:                              	keep:[0]
	+ waterstone:                               	keep:[0]
	+ willow_planks:                            	keep:[0]
	+ woolen_clay:                              	keep:[0]
	+ wroughtironblock:                         	keep:[0]
- EnderIO :
	+ blockCapBank:                             	keep-one:[]
	+ blockCloud_seed:                          	hide:[]
	+ blockCloud_seed_concentrated:             	hide:[]
	+ blockConduitBundle:                       	hide:[]
	+ blockDarkSteelAnvil:                      	keep:[0]
	+ blockElectricLight:                       	keep:[0]
	+ blockFire_water:                          	hide:[]
	+ blockFusedQuartz:                         	keep:[0]
	+ blockHootch:                              	hide:[]
	+ blockIngotStorage:                        	hide:[]
	+ blockLightNode:                           	hide:[]
	+ blockLiquid_sunshine:                     	hide:[]
	+ blockNutrient_distillation:               	hide:[]
	+ blockPoweredSpawner:                      	keep-one:[]
	+ blockRocket_fuel:                         	hide:[]
	+ itemBrokenSpawner:                        	hide:[]
	+ itemMagnet:                               	keep:[16]
	+ itemTravelStaff:                          	keep:[16]
- ExtraUtilities :
	+ cobblestone_compressed:                   	keep:[0, 8, 12, 14]
	+ color_blockCoal:                          	keep:[0]
	+ color_blockLapis:                         	keep:[0]
	+ color_blockRedstone:                      	keep:[0]
	+ color_brick:                              	keep:[0]
	+ color_hellsand:                           	keep:[0]
	+ color_lightgem:                           	keep:[0]
	+ color_obsidian:                           	keep:[0]
	+ color_quartzBlock:                        	keep:[0]
	+ color_redstoneLight:                      	keep:[0]
	+ color_stone:                              	keep:[0]
	+ color_stonebrick:                         	keep:[0]
	+ colorStoneBrick:                          	keep:[0]
	+ colorWoodPlanks:                          	keep:[0]
	+ decorativeBlock2:                         	keep:[0]
	+ drum:                                     	keep-one:[0, 1]
	+ generator.64:                             	keep:[0]
	+ generator.8:                              	keep:[0]
	+ greenscreen:                              	keep:[8]
	+ microblocks:                              	keep-one:[]
	+ nodeUpgrade:                              	hide:[4]
- ForgeMicroblock :
	+ microblock:                               	keep-one:[]
- magicalcrops :
	+ magicalcrops_AccioFurnaceActive:          	hide:[]
	+ magicalcrops_AirCrop:                     	hide:[]
	+ magicalcrops_AluminiumCrop:               	hide:[]
	+ magicalcrops_AwakenedDraconiumCrop:       	hide:[]
	+ magicalcrops_BlazeCrop:                   	hide:[]
	+ magicalcrops_BlizzCrop:                   	hide:[]
	+ magicalcrops_BronzeCrop:                  	hide:[]
	+ magicalcrops_CertusQuartzCrop:            	hide:[]
	+ magicalcrops_ChaosShardCrop:              	hide:[]
	+ magicalcrops_ChickenCrop:                 	hide:[]
	+ magicalcrops_CoalCrop:                    	hide:[]
	+ magicalcrops_CobaltCrop:                  	hide:[]
	+ magicalcrops_CopperCrop:                  	hide:[]
	+ magicalcrops_CowCrop:                     	hide:[]
	+ magicalcrops_CreeperCrop:                 	hide:[]
	+ magicalcrops_CrucioFurnaceActive:         	hide:[]
	+ magicalcrops_DiamondCrop:                 	hide:[]
	+ magicalcrops_DraconiumCrop:               	hide:[]
	+ magicalcrops_DyeCrop:                     	hide:[]
	+ magicalcrops_EarthCrop:                   	hide:[]
	+ magicalcrops_ElectrumCrop:                	hide:[]
	+ magicalcrops_EmeraldCrop:                 	hide:[]
	+ magicalcrops_EnderiumCrop:                	hide:[]
	+ magicalcrops_EndermanCrop:                	hide:[]
	+ magicalcrops_ExperienceCrop:              	hide:[]
	+ magicalcrops_FireCrop:                    	hide:[]
	+ magicalcrops_FluixCrop:                   	hide:[]
	+ magicalcrops_GhastCrop:                   	hide:[]
	+ magicalcrops_GlowstoneCrop:               	hide:[]
	+ magicalcrops_GoldCrop:                    	hide:[]
	+ magicalcrops_ImperioFurnaceActive:        	hide:[]
	+ magicalcrops_InvarCrop:                   	hide:[]
	+ magicalcrops_IronCrop:                    	hide:[]
	+ magicalcrops_LapisCrop:                   	hide:[]
	+ magicalcrops_LeadCrop:                    	hide:[]
	+ magicalcrops_LumiumCrop:                  	hide:[]
	+ magicalcrops_ManasteelCrop:               	hide:[]
	+ magicalcrops_MinicioCrop:                 	hide:[]
	+ magicalcrops_NatureCrop:                  	hide:[]
	+ magicalcrops_NetherCrop:                  	hide:[]
	+ magicalcrops_NeutroniumCrop:              	hide:[]
	+ magicalcrops_NickelCrop:                  	hide:[]
	+ magicalcrops_ObsidianCrop:                	hide:[]
	+ magicalcrops_OsmiumCrop:                  	hide:[]
	+ magicalcrops_PeridotCrop:                 	hide:[]
	+ magicalcrops_PigCrop:                     	hide:[]
	+ magicalcrops_PlatinumCrop:                	hide:[]
	+ magicalcrops_QuartzCrop:                  	hide:[]
	+ magicalcrops_RedstoneCrop:                	hide:[]
	+ magicalcrops_RubberCrop:                  	hide:[]
	+ magicalcrops_RubyCrop:                    	hide:[]
	+ magicalcrops_SaltpeterCrop:               	hide:[]
	+ magicalcrops_SapphireCrop:                	hide:[]
	+ magicalcrops_SheepCrop:                   	hide:[]
	+ magicalcrops_SignalumCrop:                	hide:[]
	+ magicalcrops_SilverCrop:                  	hide:[]
	+ magicalcrops_SkeletonCrop:                	hide:[]
	+ magicalcrops_SlimeCrop:                   	hide:[]
	+ magicalcrops_SpiderCrop:                  	hide:[]
	+ magicalcrops_SteelCrop:                   	hide:[]
	+ magicalcrops_SulfurCrop:                  	hide:[]
	+ magicalcrops_TerrasteelCrop:              	hide:[]
	+ magicalcrops_TinCrop:                     	hide:[]
	+ magicalcrops_UltimateFurnaceActive:       	hide:[]
	+ magicalcrops_WaterCrop:                   	hide:[]
	+ magicalcrops_WitherCrop:                  	hide:[]
	+ magicalcrops_YelloriteCrop:               	hide:[]
	+ magicalcrops_ZivicioFurnaceActive:        	hide:[]
- Mekanism :
	+ ArmoredJetpack:                           	keep-one:[0]
	+ AtomicDisassembler:                       	keep-one:[0]
	+ Balloon:                                  	keep:[15]
	+ BasicBlock2:                              	keep-one:[3, 4]
	+ Clump:                                    	hide:[]
	+ Configurator:                             	keep-one:[0]
	+ Crystal:                                  	hide:[]
	+ DirtyDust:                                	hide:[]
	+ ElectricBow:                              	keep-one:[0]
	+ EnergyCube:                               	keep-one:[0]
	+ EnergyTablet:                             	keep-one:[0]
	+ Flamethrower:                             	keep-one:[0]
	+ FreeRunners:                              	keep-one:[0]
	+ GasTank:                                  	hide:[0]/[*gasName*]
	+ GlowPanel:                                	keep:[15]
	+ GlowPlasticBlock:                         	keep:[15]
	+ Jetpack:                                  	keep-one:[0]
	+ MachineBlock:                             	hide:[5, 6, 7]
	+ MachineBlock2:                            	hide:[11]/[*FluidName*]
	+ NetworkReader:                            	keep-one:[0]
	+ PlasticBlock:                             	keep:[15]
	+ PlasticFence:                             	keep:[15]
	+ PortableTeleporter:                       	keep-one:[0]
	+ ReinforcedPlasticBlock:                   	keep:[15]
	+ RoadPlasticBlock:                         	keep:[15]
	+ Robit:                                    	keep-one:[0]
	+ ScubaTank:                                	keep-one:[0]
	+ SeismicReader:                            	keep-one:[0]
	+ Shard:                                    	hide:[]
	+ SlickPlasticBlock:                        	keep:[15]
- MekanismGenerators :
	+ Hohlraum:                                 	keep-one:[0]
- minecraft :
	+ carpet:                                   	keep:[0]
	+ dragon_egg:                               	keep:[0]
	+ fire:                                     	hide:[]
	+ flowing_lava:                             	hide:[]
	+ flowing_water:                            	hide:[]
	+ lava:                                     	hide:[]
	+ mob_spawner:                              	keep:[0]
	+ monster_egg:                              	keep:[0]
	+ potion:                                   	keep:[0]
	+ spawn_egg:                                	keep:[0]
	+ stained_glass:                            	keep:[0]
	+ stained_glass_pane:                       	keep:[0]
	+ stained_hardened_clay:                    	keep:[0]
	+ water:                                    	hide:[]
	+ wool:                                     	keep:[0]
- OreSpawn :
	+ AlienSpawnBlock:                          	hide:[]
	+ AloSpawnBlock:                            	hide:[]
	+ AttackSquidSpawnBlock:                    	hide:[]
	+ BaryonyxSpawnBlock:                       	hide:[]
	+ BasilSpawnBlock:                          	hide:[]
	+ BatSpawnBlock:                            	hide:[]
	+ bean_plant:                               	hide:[]
	+ BeaverSpawnBlock:                         	hide:[]
	+ BeeSpawnBlock:                            	hide:[]
	+ BlazeSpawnBlock:                          	hide:[]
	+ BoyfriendSpawnBlock:                      	hide:[]
	+ BrutalflySpawnBlock:                      	hide:[]
	+ ButterflyPlant:                           	hide:[]
	+ CamaSpawnBlock:                           	hide:[]
	+ CassowarySpawnBlock:                      	hide:[]
	+ CaterKillerSpawnBlock:                    	hide:[]
	+ CaveFisherSpawnBlock:                     	hide:[]
	+ CaveSpiderSpawnBlock:                     	hide:[]
	+ CephadromeSpawnBlock:                     	hide:[]
	+ ChickenSpawnBlock:                        	hide:[]
	+ ChipmunkSpawnBlock:                       	hide:[]
	+ CliffRacerSpawnBlock:                     	hide:[]
	+ CloudSharkSpawnBlock:                     	hide:[]
	+ CockateilSpawnBlock:                      	hide:[]
	+ CornPlant1:                               	hide:[]
	+ CornPlant2:                               	hide:[]
	+ CornPlant3:                               	hide:[]
	+ CornPlant4:                               	hide:[]
	+ CowSpawnBlock:                            	hide:[]
	+ CrabSpawnBlock:                           	hide:[]
	+ CreeperSpawnBlock:                        	hide:[]
	+ CreepingHorrorSpawnBlock:                 	hide:[]
	+ CricketSpawnBlock:                        	hide:[]
	+ CriminalSpawnBlock:                       	hide:[]
	+ CryoSpawnBlock:                           	hide:[]
	+ CrystalCowSpawnBlock:                     	hide:[]
	+ CrystalPlant:                             	hide:[]
	+ CrystalPlant2:                            	hide:[]
	+ CrystalPlant3:                            	hide:[]
	+ DragonflySpawnBlock:                      	hide:[]
	+ DragonSpawnBlock:                         	hide:[]
	+ DungeonBeastSpawnBlock:                   	hide:[]
	+ EasterBunnySpawnBlock:                    	hide:[]
	+ EmperorScorpionSpawnBlock:                	hide:[]
	+ EnchantedCowSpawnBlock:                   	hide:[]
	+ EnderDragonSpawnBlock:                    	hide:[]
	+ EnderKnightSpawnBlock:                    	hide:[]
	+ EndermanSpawnBlock:                       	hide:[]
	+ EnderReaperSpawnBlock:                    	hide:[]
	+ ExperiencePlant:                          	hide:[]
	+ FairySpawnBlock:                          	hide:[]
	+ FireflyPlant:                             	hide:[]
	+ FlounderSpawnBlock:                       	hide:[]
	+ FrogSpawnBlock:                           	hide:[]
	+ GammaMetroidSpawnBlock:                   	hide:[]
	+ GazelleSpawnBlock:                        	hide:[]
	+ GhastSpawnBlock:                          	hide:[]
	+ GirlfriendSpawnBlock:                     	hide:[]
	+ GodzillaPartSpawnBlock:                   	hide:[]
	+ GodzillaSpawnBlock:                       	hide:[]
	+ GoldCowSpawnBlock:                        	hide:[]
	+ GoldFishSpawnBlock:                       	hide:[]
	+ HammerheadSpawnBlock:                     	hide:[]
	+ HerculesSpawnBlock:                       	hide:[]
	+ HorseSpawnBlock:                          	hide:[]
	+ HydroSpawnBlock:                          	hide:[]
	+ IronGolemSpawnBlock:                      	hide:[]
	+ IrukandjiSpawnBlock:                      	hide:[]
	+ KrakenSpawnBlock:                         	hide:[]
	+ KyuubiSpawnBlock:                         	hide:[]
	+ LargeWormSpawnBlock:                      	hide:[]
	+ LeafMonsterSpawnBlock:                    	hide:[]
	+ LeonSpawnBlock:                           	hide:[]
	+ lettuce_plant:                            	hide:[]
	+ LizardSpawnBlock:                         	hide:[]
	+ LurkingTerrorSpawnBlock:                  	hide:[]
	+ MagmaCubeSpawnBlock:                      	hide:[]
	+ MantisSpawnBlock:                         	hide:[]
	+ MediumWormSpawnBlock:                     	hide:[]
	+ MolenoidSpawnBlock:                       	hide:[]
	+ MooshroomSpawnBlock:                      	hide:[]
	+ MosquitoPlant:                            	hide:[]
	+ MothPlant:                                	hide:[]
	+ MOTHRASpawnBlock:                         	hide:[]
	+ NastysaurusSpawnBlock:                    	hide:[]
	+ OcelotSpawnBlock:                         	hide:[]
	+ OreSpawn_AlienEgg:                        	hide:[]
	+ OreSpawn_AloEgg:                          	hide:[]
	+ OreSpawn_AntRobotEgg:                     	hide:[]
	+ OreSpawn_AttackSquidEgg:                  	hide:[]
	+ OreSpawn_BaryonyxEgg:                     	hide:[]
	+ OreSpawn_BasilEgg:                        	hide:[]
	+ OreSpawn_BeaverEgg:                       	hide:[]
	+ OreSpawn_BeeEgg:                          	hide:[]
	+ OreSpawn_BoyfriendEgg:                    	hide:[]
	+ OreSpawn_BrownAntEgg:                     	hide:[]
	+ OreSpawn_BrutalflyEgg:                    	hide:[]
	+ OreSpawn_ButterflyEgg:                    	hide:[]
	+ OreSpawn_CamaEgg:                         	hide:[]
	+ OreSpawn_CassowaryEgg:                    	hide:[]
	+ OreSpawn_CaterKillerEgg:                  	hide:[]
	+ OreSpawn_CaveFisherEgg:                   	hide:[]
	+ OreSpawn_CephadromeEgg:                   	hide:[]
	+ OreSpawn_ChipmunkEgg:                     	hide:[]
	+ OreSpawn_CliffRacerEgg:                   	hide:[]
	+ OreSpawn_CloudSharkEgg:                   	hide:[]
	+ OreSpawn_CockateilEgg:                    	hide:[]
	+ OreSpawn_CoinEgg:                         	hide:[]
	+ OreSpawn_CrabEgg:                         	hide:[]
	+ OreSpawn_CreepingHorrorEgg:               	hide:[]
	+ OreSpawn_CricketEgg:                      	hide:[]
	+ OreSpawn_CriminalEgg:                     	hide:[]
	+ OreSpawn_CryoEgg:                         	hide:[]
	+ OreSpawn_CrystalCowEgg:                   	hide:[]
	+ OreSpawn_DragonEgg:                       	hide:[]
	+ OreSpawn_DragonflyEgg:                    	hide:[]
	+ OreSpawn_DungeonBeastEgg:                 	hide:[]
	+ OreSpawn_EasterBunnyEgg:                  	hide:[]
	+ OreSpawn_EmperorScorpionEgg:              	hide:[]
	+ OreSpawn_EnchantedCowEgg:                 	hide:[]
	+ OreSpawn_EnderDragonEgg:                  	hide:[]
	+ OreSpawn_EnderKnightEgg:                  	hide:[]
	+ OreSpawn_EnderReaperEgg:                  	hide:[]
	+ OreSpawn_FairyEgg:                        	hide:[]
	+ OreSpawn_FireflyEgg:                      	hide:[]
	+ OreSpawn_FlounderEgg:                     	hide:[]
	+ OreSpawn_FrogEgg:                         	hide:[]
	+ OreSpawn_GammaMetroidEgg:                 	hide:[]
	+ OreSpawn_GazelleEgg:                      	hide:[]
	+ OreSpawn_GhostEgg:                        	hide:[]
	+ OreSpawn_GhostSkellyEgg:                  	hide:[]
	+ OreSpawn_GirlfriendEgg:                   	hide:[]
	+ OreSpawn_GodzillaEgg:                     	hide:[]
	+ OreSpawn_GoldCowEgg:                      	hide:[]
	+ OreSpawn_GoldFishEgg:                     	hide:[]
	+ OreSpawn_HammerheadEgg:                   	hide:[]
	+ OreSpawn_HerculesEgg:                     	hide:[]
	+ OreSpawn_HydroEgg:                        	hide:[]
	+ OreSpawn_IronGolemEgg:                    	hide:[]
	+ OreSpawn_IrukandjiEgg:                    	hide:[]
	+ OreSpawn_JefferyEgg:                      	hide:[]
	+ OreSpawn_KrakenEgg:                       	hide:[]
	+ OreSpawn_KyuubiEgg:                       	hide:[]
	+ OreSpawn_LargeWormEgg:                    	hide:[]
	+ OreSpawn_LeafMonsterEgg:                  	hide:[]
	+ OreSpawn_LeonEgg:                         	hide:[]
	+ OreSpawn_LizardEgg:                       	hide:[]
	+ OreSpawn_LurkingTerrorEgg:                	hide:[]
	+ OreSpawn_MantisEgg:                       	hide:[]
	+ OreSpawn_MediumWormEgg:                   	hide:[]
	+ OreSpawn_MolenoidEgg:                     	hide:[]
	+ OreSpawn_MosquitoEgg:                     	hide:[]
	+ OreSpawn_MothEgg:                         	hide:[]
	+ OreSpawn_MOTHRAEgg:                       	hide:[]
	+ OreSpawn_NastysaurusEgg:                  	hide:[]
	+ OreSpawn_OstrichEgg:                      	hide:[]
	+ OreSpawn_PeacockEgg:                      	hide:[]
	+ OreSpawn_PitchBlackEgg:                   	hide:[]
	+ OreSpawn_PointysaurusEgg:                 	hide:[]
	+ OreSpawn_RainbowAntEgg:                   	hide:[]
	+ OreSpawn_RatEgg:                          	hide:[]
	+ OreSpawn_RedAntEgg:                       	hide:[]
	+ OreSpawn_RedCowEgg:                       	hide:[]
	+ OreSpawn_Robot1Egg:                       	hide:[]
	+ OreSpawn_Robot2Egg:                       	hide:[]
	+ OreSpawn_Robot3Egg:                       	hide:[]
	+ OreSpawn_Robot4Egg:                       	hide:[]
	+ OreSpawn_Robot5Egg:                       	hide:[]
	+ OreSpawn_RotatorEgg:                      	hide:[]
	+ OreSpawn_RubberDuckyEgg:                  	hide:[]
	+ OreSpawn_ScorpionEgg:                     	hide:[]
	+ OreSpawn_SeaMonsterEgg:                   	hide:[]
	+ OreSpawn_SeaViperEgg:                     	hide:[]
	+ OreSpawn_SkateEgg:                        	hide:[]
	+ OreSpawn_SmallWormEgg:                    	hide:[]
	+ OreSpawn_SnowGolemEgg:                    	hide:[]
	+ OreSpawn_SpiderDriverEgg:                 	hide:[]
	+ OreSpawn_SpiderRobotEgg:                  	hide:[]
	+ OreSpawn_SpitBugEgg:                      	hide:[]
	+ OreSpawn_SpyroEgg:                        	hide:[]
	+ OreSpawn_StinkBugEgg:                     	hide:[]
	+ OreSpawn_StinkyEgg:                       	hide:[]
	+ OreSpawn_TermiteEgg:                      	hide:[]
	+ OreSpawn_TerribleTerrorEgg:               	hide:[]
	+ OreSpawn_TheKingEgg:                      	hide:[]
	+ OreSpawn_ThePrinceEgg:                    	hide:[]
	+ OreSpawn_ThePrincessEgg:                  	hide:[]
	+ OreSpawn_TheQueenEgg:                     	hide:[]
	+ OreSpawn_TRexEgg:                         	hide:[]
	+ OreSpawn_TriffidEgg:                      	hide:[]
	+ OreSpawn_TrooperBugEgg:                   	hide:[]
	+ OreSpawn_TshirtEgg:                       	hide:[]
	+ OreSpawn_UnstableAntEgg:                  	hide:[]
	+ OreSpawn_UrchinEgg:                       	hide:[]
	+ OreSpawn_VeloEgg:                         	hide:[]
	+ OreSpawn_VortexEgg:                       	hide:[]
	+ OreSpawn_WaterDragonEgg:                  	hide:[]
	+ OreSpawn_WhaleEgg:                        	hide:[]
	+ OreSpawn_WitherBossEgg:                   	hide:[]
	+ OreSpawn_WitherSkeletonEgg:               	hide:[]
	+ OstrichSpawnBlock:                        	hide:[]
	+ PeacockSpawnBlock:                        	hide:[]
	+ PigSpawnBlock:                            	hide:[]
	+ PitchBlackSpawnBlock:                     	hide:[]
	+ PointysaurusSpawnBlock:                   	hide:[]
	+ QuinoaPlant1:                             	hide:[]
	+ RadishPlant:                              	hide:[]
	+ RatSpawnBlock:                            	hide:[]
	+ RedCowSpawnBlock:                         	hide:[]
	+ rice_plant:                               	hide:[]
	+ RotatorSpawnBlock:                        	hide:[]
	+ RubberDuckySpawnBlock:                    	hide:[]
	+ ScorpionSpawnBlock:                       	hide:[]
	+ SeaMonsterSpawnBlock:                     	hide:[]
	+ SeaViperSpawnBlock:                       	hide:[]
	+ SheepSpawnBlock:                          	hide:[]
	+ SilverfishSpawnBlock:                     	hide:[]
	+ SkateSpawnBlock:                          	hide:[]
	+ SkeletonSpawnBlock:                       	hide:[]
	+ SlimeSpawnBlock:                          	hide:[]
	+ SmallWormSpawnBlock:                      	hide:[]
	+ SnowGolemSpawnBlock:                      	hide:[]
	+ SpiderDriverSpawnBlock:                   	hide:[]
	+ SpiderSpawnBlock:                         	hide:[]
	+ SpitBugSpawnBlock:                        	hide:[]
	+ SpyroSpawnBlock:                          	hide:[]
	+ SquidSpawnBlock:                          	hide:[]
	+ StinkBugSpawnBlock:                       	hide:[]
	+ StinkySpawnBlock:                         	hide:[]
	+ strawberry_plant:                         	hide:[]
	+ TerribleTerrorSpawnBlock:                 	hide:[]
	+ TheKingPartSpawnBlock:                    	hide:[]
	+ TheKingSpawnBlock:                        	hide:[]
	+ TheQueenPartSpawnBlock:                   	hide:[]
	+ TheQueenSpawnBlock:                       	hide:[]
	+ TomatoPlant1:                             	hide:[]
	+ TRexSpawnBlock:                           	hide:[]
	+ TriffidSpawnBlock:                        	hide:[]
	+ TrooperBugSpawnBlock:                     	hide:[]
	+ TshirtSpawnBlock:                         	hide:[]
	+ UrchinSpawnBlock:                         	hide:[]
	+ VeloSpawnBlock:                           	hide:[]
	+ VillagerSpawnBlock:                       	hide:[]
	+ VortexSpawnBlock:                         	hide:[]
	+ WaterDragonSpawnBlock:                    	hide:[]
	+ WhaleSpawnBlock:                          	hide:[]
	+ WitchSpawnBlock:                          	hide:[]
	+ WitherBossSpawnBlock:                     	hide:[]
	+ WitherSkeletonSpawnBlock:                 	hide:[]
	+ WolfSpawnBlock:                           	hide:[]
	+ ZombiePigmanSpawnBlock:                   	hide:[]
	+ ZombieSpawnBlock:                         	hide:[]
- Thaumcraft :
	+ blockArcaneFurnace:                       	hide:[]
	+ blockCandle:                              	keep:[0]
	+ blockHole:                                	hide:[]
	+ blockWarded:                              	hide:[]
	+ blockWoodenDevice:                        	keep-one:[8]
	+ GolemBell:                                	keep:[0]
	+ ItemEssence:                              	keep-one:[0, 1]
	+ ItemGolemCore:                            	keep:[0]
	+ ItemGolemDecoration:                      	keep:[0]
	+ ItemGolemPlacer:                          	keep:[0]
	+ ItemGolemUpgrade:                         	keep:[0]
	+ ItemSpawnerEgg:                           	keep:[0]
	+ ItemWispEssence:                          	keep-one:[0, 1]
- ThaumicTinkerer :
	+ forcefield:                               	hide:[]
	+ gaseousLight:                             	hide:[]
	+ gaseousShadow:                            	hide:[]
	+ mobAspect:                                	keep:[0]
	+ nitorGas:                                 	hide:[]
- ThermalExpansion :
	+ Cache:                                    	keep:[1]
	+ capacitor:                                	keep:[1, 2]	keep-one:[2]
	+ Cell:                                     	hide:[0, 2]	keep-one:[1, 3, 4]
	+ chiller:                                  	keep-one:[0]
	+ florb:                                    	keep-one:[]
	+ Frame:                                    	keep:[0, 4, 11, 12]
	+ igniter:                                  	keep-one:[0]
	+ Light:                                    	keep-one:[]
	+ Plate:                                    	keep:[0, 4, 5, 6]
	+ pump:                                     	keep-one:[0]
	+ Rockwool:                                 	keep:[1]
	+ satchel:                                  	keep:[1]
	+ Strongbox:                                	keep:[1]
	+ Tank:                                     	keep:[1]
	+ Workbench:                                	keep:[1]
- ThermalFoundation :
	+ armor.bootsBronze:                        	hide:[]
	+ armor.bootsCopper:                        	hide:[]
	+ armor.bootsElectrum:                      	hide:[]
	+ armor.bootsInvar:                         	hide:[]
	+ armor.bootsLead:                          	hide:[]
	+ armor.bootsNickel:                        	hide:[]
	+ armor.bootsPlatinum:                      	hide:[]	keep:[0]
	+ armor.bootsSilver:                        	hide:[]
	+ armor.bootsTin:                           	hide:[]
	+ armor.helmetBronze:                       	hide:[]
	+ armor.helmetCopper:                       	hide:[]
	+ armor.helmetElectrum:                     	hide:[]
	+ armor.helmetInvar:                        	hide:[]
	+ armor.helmetLead:                         	hide:[]
	+ armor.helmetNickel:                       	hide:[]
	+ armor.helmetPlatinum:                     	hide:[]	keep:[0]
	+ armor.helmetSilver:                       	hide:[]
	+ armor.helmetTin:                          	hide:[]
	+ armor.legsBronze:                         	hide:[]
	+ armor.legsCopper:                         	hide:[]
	+ armor.legsElectrum:                       	hide:[]
	+ armor.legsInvar:                          	hide:[]
	+ armor.legsLead:                           	hide:[]
	+ armor.legsNickel:                         	hide:[]
	+ armor.legsPlatinum:                       	hide:[]	keep:[0]
	+ armor.legsSilver:                         	hide:[]
	+ armor.legsTin:                            	hide:[]
	+ armor.plateBronze:                        	hide:[]
	+ armor.plateCopper:                        	hide:[]
	+ armor.plateElectrum:                      	hide:[]
	+ armor.plateInvar:                         	hide:[]
	+ armor.plateLead:                          	hide:[]
	+ armor.plateNickel:                        	hide:[]
	+ armor.platePlatinum:                      	hide:[]	keep:[0]
	+ armor.plateSilver:                        	hide:[]
	+ armor.plateTin:                           	hide:[]
	+ FluidAerotheum:                           	hide:[]
	+ FluidCoal:                                	hide:[]
	+ FluidCryotheum:                           	hide:[]
	+ FluidEnder:                               	hide:[]
	+ FluidGlowstone:                           	hide:[]
	+ FluidMana:                                	hide:[]
	+ FluidPetrotheum:                          	hide:[]
	+ FluidPyrotheum:                           	hide:[]
	+ FluidRedstone:                            	hide:[]
	+ FluidSteam:                               	hide:[]
	+ material:                                 	keep:[512, 513, 514, 515]
	+ Storage:                                  	hide:[]
	+ tool.axeBronze:                           	hide:[]
	+ tool.axeCopper:                           	hide:[]
	+ tool.axeElectrum:                         	hide:[]
	+ tool.axeInvar:                            	hide:[]
	+ tool.axeLead:                             	hide:[]
	+ tool.axeNickel:                           	hide:[]
	+ tool.axePlatinum:                         	hide:[]	keep:[0]
	+ tool.axeSilver:                           	hide:[]
	+ tool.axeTin:                              	hide:[]
	+ tool.bowBronze:                           	hide:[]
	+ tool.bowCopper:                           	hide:[]
	+ tool.bowDiamond:                          	hide:[]
	+ tool.bowElectrum:                         	hide:[]
	+ tool.bowGold:                             	hide:[]
	+ tool.bowInvar:                            	hide:[]
	+ tool.bowIron:                             	hide:[]
	+ tool.bowLead:                             	hide:[]
	+ tool.bowNickel:                           	hide:[]
	+ tool.bowPlatinum:                         	hide:[]	keep:[0]
	+ tool.bowSilver:                           	hide:[]
	+ tool.bowStone:                            	hide:[]
	+ tool.bowTin:                              	hide:[]
	+ tool.fishingRodBronze:                    	hide:[]
	+ tool.fishingRodCopper:                    	hide:[]
	+ tool.fishingRodDiamond:                   	hide:[]
	+ tool.fishingRodElectrum:                  	hide:[]
	+ tool.fishingRodGold:                      	hide:[]
	+ tool.fishingRodInvar:                     	hide:[]
	+ tool.fishingRodIron:                      	hide:[]
	+ tool.fishingRodLead:                      	hide:[]
	+ tool.fishingRodNickel:                    	hide:[]
	+ tool.fishingRodPlatinum:                  	hide:[]	keep:[0]
	+ tool.fishingRodSilver:                    	hide:[]
	+ tool.fishingRodStone:                     	hide:[]
	+ tool.fishingRodTin:                       	hide:[]
	+ tool.hoeBronze:                           	hide:[]
	+ tool.hoeCopper:                           	hide:[]
	+ tool.hoeElectrum:                         	hide:[]
	+ tool.hoeInvar:                            	hide:[]
	+ tool.hoeLead:                             	hide:[]
	+ tool.hoeNickel:                           	hide:[]
	+ tool.hoePlatinum:                         	hide:[]	keep:[0]
	+ tool.hoeSilver:                           	hide:[]
	+ tool.hoeTin:                              	hide:[]
	+ tool.pickaxeBronze:                       	hide:[]
	+ tool.pickaxeCopper:                       	hide:[]
	+ tool.pickaxeElectrum:                     	hide:[]
	+ tool.pickaxeInvar:                        	hide:[]
	+ tool.pickaxeLead:                         	hide:[]
	+ tool.pickaxeNickel:                       	hide:[]
	+ tool.pickaxePlatinum:                     	hide:[]	keep:[0]
	+ tool.pickaxeSilver:                       	hide:[]
	+ tool.pickaxeTin:                          	hide:[]
	+ tool.shearsBronze:                        	hide:[]
	+ tool.shearsCopper:                        	hide:[]
	+ tool.shearsDiamond:                       	hide:[]
	+ tool.shearsElectrum:                      	hide:[]
	+ tool.shearsGold:                          	hide:[]
	+ tool.shearsInvar:                         	hide:[]
	+ tool.shearsLead:                          	hide:[]
	+ tool.shearsNickel:                        	hide:[]
	+ tool.shearsPlatinum:                      	hide:[]	keep:[0]
	+ tool.shearsSilver:                        	hide:[]
	+ tool.shearsStone:                         	hide:[]
	+ tool.shearsTin:                           	hide:[]
	+ tool.shearsWood:                          	hide:[]
	+ tool.shovelBronze:                        	hide:[]
	+ tool.shovelCopper:                        	hide:[]
	+ tool.shovelElectrum:                      	hide:[]
	+ tool.shovelInvar:                         	hide:[]
	+ tool.shovelLead:                          	hide:[]
	+ tool.shovelNickel:                        	hide:[]
	+ tool.shovelPlatinum:                      	hide:[]	keep:[0]
	+ tool.shovelSilver:                        	hide:[]
	+ tool.shovelTin:                           	hide:[]
	+ tool.sickleBronze:                        	hide:[]
	+ tool.sickleCopper:                        	hide:[]
	+ tool.sickleDiamond:                       	hide:[]
	+ tool.sickleElectrum:                      	hide:[]
	+ tool.sickleGold:                          	hide:[]
	+ tool.sickleInvar:                         	hide:[]
	+ tool.sickleIron:                          	hide:[]
	+ tool.sickleLead:                          	hide:[]
	+ tool.sickleNickel:                        	hide:[]
	+ tool.sicklePlatinum:                      	hide:[]	keep:[0]
	+ tool.sickleSilver:                        	hide:[]
	+ tool.sickleStone:                         	hide:[]
	+ tool.sickleTin:                           	hide:[]
	+ tool.sickleWood:                          	hide:[]
	+ tool.swordBronze:                         	hide:[]
	+ tool.swordCopper:                         	hide:[]
	+ tool.swordElectrum:                       	hide:[]
	+ tool.swordInvar:                          	hide:[]
	+ tool.swordLead:                           	hide:[]
	+ tool.swordNickel:                         	hide:[]
	+ tool.swordPlatinum:                       	hide:[]	keep:[0]
	+ tool.swordSilver:                         	hide:[]
	+ tool.swordTin:                            	hide:[]